// Jest Snapshot v1, https://goo.gl/fbAQLP

exports[`loadable should render LazyComponent after waiting for it to load 1`] = `
<div
  class="page page-hide-left"
>
  <nav
    class="ac-header"
  >
    <a>
      <img
        alt="settings"
        src="[object Object]"
      />
    </a>
    <h1>
      Collections
    </h1>
    <a>
      <img
        alt="critters"
        src="[object Object]"
      />
    </a>
  </nav>
  <div
    class="content"
  >
    <div
      class="bubble"
    >
      <div
        class="icon-holder"
      >
        <img
          alt="Squid"
          class="icon"
          src="[object Object]"
        />
      </div>
      <h3
        class="title"
      >
        Bugs: 
        110
        /
        114
      </h3>
    </div>
    <div
      class="bubble"
    >
      <div
        class="icon-holder"
      >
        <img
          alt="Squid"
          class="icon"
          src="[object Object]"
        />
      </div>
      <h3
        class="title"
      >
        Sea Life: 
        110
        /
        114
      </h3>
    </div>
    <div
      class="bubble"
    >
      <div
        class="icon-holder"
      >
        <img
          alt="Squid"
          class="icon"
          src="[object Object]"
        />
      </div>
      <h3
        class="title"
      >
        Fish: 
        110
        /
        114
      </h3>
    </div>
    <div
      class="bubble"
    >
      <div
        class="icon-holder"
      >
        <img
          alt="Squid"
          class="icon"
          src="[object Object]"
        />
      </div>
      <h3
        class="title"
      >
        Fossils: 
        110
        /
        114
      </h3>
    </div>
    <div
      class="bubble"
    >
      <div
        class="icon-holder"
      >
        <img
          alt="Squid"
          class="icon"
          src="[object Object]"
        />
      </div>
      <h3
        class="title"
      >
        Songs: 
        110
        /
        114
      </h3>
    </div>
    <div
      class="bubble"
    >
      <div
        class="icon-holder"
      >
        <img
          alt="Squid"
          class="icon"
          src="[object Object]"
        />
      </div>
      <h3
        class="title"
      >
        Art: 
        110
        /
        114
      </h3>
    </div>
    <div
      class="bubble"
    >
      <div
        class="icon-holder"
      >
        <img
          alt="Squid"
          class="icon"
          src="[object Object]"
        />
      </div>
      <h3
        class="title"
      >
        Gyroids: 
        110
        /
        114
      </h3>
    </div>
  </div>
</div>
`;

exports[`loadable should render fallback if given one 1`] = `
<div>
  Loading
</div>
`;

exports[`loadable should render null by default 1`] = `null`;

exports[`loadable should render null by default with empty options 1`] = `null`;
